Scope: 17 of 18 workspace projects
packages/design-tokens lint$ echo "no lint (JSON data package; validated via test)" && exit 0
packages/ui-legacy lint$ eslint src/
packages/ui-spec lint$ eslint .
tools/figma-design-assets-sync lint$ eslint .
packages/design-tokens lint: no lint (JSON data package; validated via test)
packages/design-tokens lint: Done
tools/figma-icons-fetcher lint$ eslint .
tools/figma-design-assets-sync lint: Done
tools/figma-token-exporter lint$ eslint src
tools/figma-icons-fetcher lint: Done
packages/ui-spec lint: Done
tools/figma-token-exporter lint: Done
packages/ui-legacy lint: /Users/Mladen.Tsvetkov/projects/ui-kit/uikit/packages/ui-legacy/src/components/icons/__stories__/IconGrid.tsx
packages/ui-legacy lint:   37:71  warning  Unexpected any. Specify a different type  @typescript-eslint/no-explicit-any
packages/ui-legacy lint: /Users/Mladen.Tsvetkov/projects/ui-kit/uikit/packages/ui-legacy/src/components/ui/__stories__/widget-alert.stories.tsx
packages/ui-legacy lint:    48:3  warning  Named exports should not use the name annotation if it is redundant to the name that would be generated by the export name  storybook/no-redundant-story-name
packages/ui-legacy lint:    66:3  warning  Named exports should not use the name annotation if it is redundant to the name that would be generated by the export name  storybook/no-redundant-story-name
packages/ui-legacy lint:    84:3  warning  Named exports should not use the name annotation if it is redundant to the name that would be generated by the export name  storybook/no-redundant-story-name
packages/ui-legacy lint:   105:3  warning  Named exports should not use the name annotation if it is redundant to the name that would be generated by the export name  storybook/no-redundant-story-name
packages/ui-legacy lint: /Users/Mladen.Tsvetkov/projects/ui-kit/uikit/packages/ui-legacy/src/components/ui/__stories__/widget-protection-status.stories.tsx
packages/ui-legacy lint:   45:3  warning  Named exports should not use the name annotation if it is redundant to the name that would be generated by the export name  storybook/no-redundant-story-name
packages/ui-legacy lint:   70:3  warning  Named exports should not use the name annotation if it is redundant to the name that would be generated by the export name  storybook/no-redundant-story-name
packages/ui-legacy lint:   93:3  warning  Named exports should not use the name annotation if it is redundant to the name that would be generated by the export name  storybook/no-redundant-story-name
packages/ui-legacy lint: /Users/Mladen.Tsvetkov/projects/ui-kit/uikit/packages/ui-legacy/src/env.d.ts
packages/ui-legacy lint:   5:44  warning  Unexpected any. Specify a different type  @typescript-eslint/no-explicit-any
packages/ui-legacy lint: /Users/Mladen.Tsvetkov/projects/ui-kit/uikit/packages/ui-legacy/src/lib/chart-colors.ts
packages/ui-legacy lint:   50:58  warning  Unexpected any. Specify a different type  @typescript-eslint/no-explicit-any
packages/ui-legacy lint: ✖ 10 problems (0 errors, 10 warnings)
packages/ui-legacy lint: Done
packages/icons-svg lint$ eslint .
packages/icons-svg-next lint$ echo "no lint (raw SVG source package)" && exit 0
apps/demos lint$ eslint src/
packages/design-assets lint$ echo "no lint (JSON data package; validated via test)" && exit 0
packages/icons-svg-next lint: no lint (raw SVG source package)
packages/icons-svg-next lint: Done
packages/design-assets lint: no lint (JSON data package; validated via test)
packages/design-assets lint: Done
packages/icons-svg lint: Done
apps/demos lint: /Users/Mladen.Tsvetkov/projects/ui-kit/uikit/apps/demos/src/chart/ChartAll.tsx
apps/demos lint:   174:38  warning  Unexpected any. Specify a different type  @typescript-eslint/no-explicit-any
apps/demos lint:   447:43  warning  Unexpected any. Specify a different type  @typescript-eslint/no-explicit-any
apps/demos lint: /Users/Mladen.Tsvetkov/projects/ui-kit/uikit/apps/demos/src/data-table/DataTableFull.tsx
apps/demos lint:   262:42  warning  Unexpected any. Specify a different type  @typescript-eslint/no-explicit-any
apps/demos lint:   263:54  warning  Unexpected any. Specify a different type  @typescript-eslint/no-explicit-any
apps/demos lint: /Users/Mladen.Tsvetkov/projects/ui-kit/uikit/apps/demos/src/lib/chart-colors.ts
apps/demos lint:   49:58  warning  Unexpected any. Specify a different type  @typescript-eslint/no-explicit-any
apps/demos lint: /Users/Mladen.Tsvetkov/projects/ui-kit/uikit/apps/demos/src/sonner/SonnerPromise.tsx
apps/demos lint:   15:27  warning  Unexpected any. Specify a different type  @typescript-eslint/no-explicit-any
apps/demos lint: /Users/Mladen.Tsvetkov/projects/ui-kit/uikit/apps/demos/src/widget/WidgetAll.tsx
apps/demos lint:   170:32  warning  Unexpected any. Specify a different type  @typescript-eslint/no-explicit-any
apps/demos lint: ✖ 7 problems (0 errors, 7 warnings)
apps/demos lint: Done
apps/demo lint$ eslint . --ext ts,tsx --report-unused-disable-directives
packages/icons-sprite lint$ eslint .
packages/icons-react lint$ eslint scripts src/lib src/__tests__ src/__stories__ src/index.ts
tools/style-dictionary lint$ eslint .
packages/icons-sprite lint: Done
packages/icons-react lint: Done
tools/style-dictionary lint: Done
apps/demo lint: /Users/Mladen.Tsvetkov/projects/ui-kit/uikit/apps/demo/src/app/context/LocaleContext.tsx
apps/demo lint:   96:44  warning  Unexpected any. Specify a different type  @typescript-eslint/no-explicit-any
apps/demo lint: /Users/Mladen.Tsvetkov/projects/ui-kit/uikit/apps/demo/src/app/demo/cyberchat/utils/helpers.ts
apps/demo lint:   28:46  warning  Unexpected any. Specify a different type  @typescript-eslint/no-explicit-any
apps/demo lint:   28:56  warning  Unexpected any. Specify a different type  @typescript-eslint/no-explicit-any
apps/demo lint:   47:62  warning  Unexpected any. Specify a different type  @typescript-eslint/no-explicit-any
apps/demo lint: /Users/Mladen.Tsvetkov/projects/ui-kit/uikit/apps/demo/src/app/routes/dashboard/ChartsSection.tsx
apps/demo lint:   183:45  warning  Unexpected any. Specify a different type  @typescript-eslint/no-explicit-any
apps/demo lint: /Users/Mladen.Tsvetkov/projects/ui-kit/uikit/apps/demo/src/app/utils/localeTestHelper.ts
apps/demo lint:   97:14  warning  Unexpected any. Specify a different type  @typescript-eslint/no-explicit-any
apps/demo lint: /Users/Mladen.Tsvetkov/projects/ui-kit/uikit/apps/demo/src/components/CardPlayground.tsx
apps/demo lint:   576:67  warning  Unexpected any. Specify a different type  @typescript-eslint/no-explicit-any
apps/demo lint: /Users/Mladen.Tsvetkov/projects/ui-kit/uikit/apps/demo/src/components/ChartPlayground.tsx
apps/demo lint:   507:6  warning  React Hook React.useMemo has an unnecessary dependency: 'lineSettings'. Either exclude it or remove the dependency array  react-hooks/exhaustive-deps
apps/demo lint: /Users/Mladen.Tsvetkov/projects/ui-kit/uikit/apps/demo/src/components/ComposedChartPlayground.tsx
apps/demo lint:    622:39  warning  Unexpected any. Specify a different type  @typescript-eslint/no-explicit-any
apps/demo lint:    657:39  warning  Unexpected any. Specify a different type  @typescript-eslint/no-explicit-any
apps/demo lint:    694:39  warning  Unexpected any. Specify a different type  @typescript-eslint/no-explicit-any
apps/demo lint:   2224:66  warning  Unexpected any. Specify a different type  @typescript-eslint/no-explicit-any
apps/demo lint: /Users/Mladen.Tsvetkov/projects/ui-kit/uikit/apps/demo/src/components/RadialChartPlayground.tsx
apps/demo lint:   337:41  warning  Unexpected any. Specify a different type  @typescript-eslint/no-explicit-any
apps/demo lint:   338:41  warning  Unexpected any. Specify a different type  @typescript-eslint/no-explicit-any
apps/demo lint: /Users/Mladen.Tsvetkov/projects/ui-kit/uikit/apps/demo/src/components/TablePlayground.tsx
apps/demo lint:    812:35  warning  Unexpected any. Specify a different type                                                                                                @typescript-eslint/no-explicit-any
apps/demo lint:    895:55  warning  Unexpected any. Specify a different type                                                                                                @typescript-eslint/no-explicit-any
apps/demo lint:    915:72  warning  Unexpected any. Specify a different type                                                                                                @typescript-eslint/no-explicit-any
apps/demo lint:    996:6   warning  React Hook React.useEffect has a missing dependency: 'currentColumns'. Either include it or remove the dependency array                 react-hooks/exhaustive-deps
apps/demo lint:   1017:32  warning  Unexpected any. Specify a different type                                                                                                @typescript-eslint/no-explicit-any
apps/demo lint:   1032:32  warning  Unexpected any. Specify a different type                                                                                                @typescript-eslint/no-explicit-any
apps/demo lint:   1097:11  warning  Unexpected any. Specify a different type                                                                                                @typescript-eslint/no-explicit-any
apps/demo lint:   1098:11  warning  Unexpected any. Specify a different type                                                                                                @typescript-eslint/no-explicit-any
apps/demo lint:   1145:41  warning  Unexpected any. Specify a different type                                                                                                @typescript-eslint/no-explicit-any
apps/demo lint:   1145:49  warning  Unexpected any. Specify a different type                                                                                                @typescript-eslint/no-explicit-any
apps/demo lint:   1156:39  warning  Unexpected any. Specify a different type                                                                                                @typescript-eslint/no-explicit-any
apps/demo lint:   1156:47  warning  Unexpected any. Specify a different type                                                                                                @typescript-eslint/no-explicit-any
apps/demo lint:   1164:6   warning  React Hook React.useMemo has a missing dependency: 'compareValues'. Either include it or remove the dependency array                    react-hooks/exhaustive-deps
apps/demo lint:   1180:33  warning  Unexpected any. Specify a different type                                                                                                @typescript-eslint/no-explicit-any
apps/demo lint:   1180:38  warning  Unexpected any. Specify a different type                                                                                                @typescript-eslint/no-explicit-any
apps/demo lint:   1181:22  warning  Unexpected any. Specify a different type                                                                                                @typescript-eslint/no-explicit-any
apps/demo lint:   1183:30  warning  Unexpected any. Specify a different type                                                                                                @typescript-eslint/no-explicit-any
apps/demo lint:   1200:33  warning  Unexpected any. Specify a different type                                                                                                @typescript-eslint/no-explicit-any
apps/demo lint:   1200:60  warning  Unexpected any. Specify a different type                                                                                                @typescript-eslint/no-explicit-any
apps/demo lint:   1201:21  warning  Unexpected any. Specify a different type                                                                                                @typescript-eslint/no-explicit-any
apps/demo lint:   1236:34  warning  Unexpected any. Specify a different type                                                                                                @typescript-eslint/no-explicit-any
apps/demo lint:   1239:30  warning  Unexpected any. Specify a different type                                                                                                @typescript-eslint/no-explicit-any
apps/demo lint:   1248:19  warning  Unexpected any. Specify a different type                                                                                                @typescript-eslint/no-explicit-any
apps/demo lint:   1266:30  warning  Unexpected any. Specify a different type                                                                                                @typescript-eslint/no-explicit-any
apps/demo lint:   1288:6   warning  React Hook React.useMemo has missing dependencies: 'enableTreeView' and 'treeData'. Either include them or remove the dependency array  react-hooks/exhaustive-deps
apps/demo lint:   1474:43  warning  Unexpected any. Specify a different type                                                                                                @typescript-eslint/no-explicit-any
apps/demo lint:   1498:56  warning  Unexpected any. Specify a different type                                                                                                @typescript-eslint/no-explicit-any
apps/demo lint:   1506:29  warning  Unexpected any. Specify a different type                                                                                                @typescript-eslint/no-explicit-any
apps/demo lint:   1610:20  warning  Unexpected any. Specify a different type                                                                                                @typescript-eslint/no-explicit-any
apps/demo lint:   1631:45  warning  Unexpected any. Specify a different type                                                                                                @typescript-eslint/no-explicit-any
apps/demo lint:   1643:23  warning  Unexpected any. Specify a different type                                                                                                @typescript-eslint/no-explicit-any
apps/demo lint:   1644:20  warning  Unexpected any. Specify a different type                                                                                                @typescript-eslint/no-explicit-any
apps/demo lint:   1649:17  warning  Unexpected any. Specify a different type                                                                                                @typescript-eslint/no-explicit-any
apps/demo lint:   1651:20  warning  Unexpected any. Specify a different type                                                                                                @typescript-eslint/no-explicit-any
apps/demo lint:   1655:23  warning  Unexpected any. Specify a different type                                                                                                @typescript-eslint/no-explicit-any
apps/demo lint:   1656:20  warning  Unexpected any. Specify a different type                                                                                                @typescript-eslint/no-explicit-any
apps/demo lint:   1660:23  warning  Unexpected any. Specify a different type                                                                                                @typescript-eslint/no-explicit-any
apps/demo lint:   1661:20  warning  Unexpected any. Specify a different type                                                                                                @typescript-eslint/no-explicit-any
apps/demo lint:   1665:23  warning  Unexpected any. Specify a different type                                                                                                @typescript-eslint/no-explicit-any
apps/demo lint:   1666:20  warning  Unexpected any. Specify a different type                                                                                                @typescript-eslint/no-explicit-any
apps/demo lint:   1669:37  warning  Unexpected any. Specify a different type                                                                                                @typescript-eslint/no-explicit-any
apps/demo lint:   1672:35  warning  Unexpected any. Specify a different type                                                                                                @typescript-eslint/no-explicit-any
apps/demo lint:   1716:19  warning  Unexpected any. Specify a different type                                                                                                @typescript-eslint/no-explicit-any
apps/demo lint:   1948:51  warning  Unexpected any. Specify a different type                                                                                                @typescript-eslint/no-explicit-any
apps/demo lint:   1948:66  warning  Unexpected any. Specify a different type                                                                                                @typescript-eslint/no-explicit-any
apps/demo lint:   1962:29  warning  Unexpected any. Specify a different type                                                                                                @typescript-eslint/no-explicit-any
apps/demo lint:   2107:40  warning  Unexpected any. Specify a different type                                                                                                @typescript-eslint/no-explicit-any
apps/demo lint:   2219:48  warning  Unexpected any. Specify a different type                                                                                                @typescript-eslint/no-explicit-any
apps/demo lint:   2306:51  warning  Unexpected any. Specify a different type                                                                                                @typescript-eslint/no-explicit-any
apps/demo lint:   2374:43  warning  Unexpected any. Specify a different type                                                                                                @typescript-eslint/no-explicit-any
apps/demo lint:   2375:45  warning  Unexpected any. Specify a different type                                                                                                @typescript-eslint/no-explicit-any
apps/demo lint:   2680:29  warning  Unexpected any. Specify a different type                                                                                                @typescript-eslint/no-explicit-any
apps/demo lint:   2680:40  warning  Unexpected any. Specify a different type                                                                                                @typescript-eslint/no-explicit-any
apps/demo lint:   2740:29  warning  Unexpected any. Specify a different type                                                                                                @typescript-eslint/no-explicit-any
apps/demo lint:   2750:20  warning  Unexpected any. Specify a different type                                                                                                @typescript-eslint/no-explicit-any
apps/demo lint:   3142:47  warning  Unexpected any. Specify a different type                                                                                                @typescript-eslint/no-explicit-any
apps/demo lint:   3828:29  warning  Unexpected any. Specify a different type                                                                                                @typescript-eslint/no-explicit-any
apps/demo lint: /Users/Mladen.Tsvetkov/projects/ui-kit/uikit/apps/demo/src/components/chat/ChatInterface.tsx
apps/demo lint:   16:29  warning  Unexpected any. Specify a different type                                                                                                  @typescript-eslint/no-explicit-any
apps/demo lint:   51:7   warning  React Hook useEffect has a complex expression in the dependency array. Extract it to a separate variable so it can be statically checked  react-hooks/exhaustive-deps
apps/demo lint: /Users/Mladen.Tsvetkov/projects/ui-kit/uikit/apps/demo/src/components/chat/MessageInput.tsx
apps/demo lint:   51:37  warning  Unexpected any. Specify a different type  @typescript-eslint/no-explicit-any
apps/demo lint: /Users/Mladen.Tsvetkov/projects/ui-kit/uikit/apps/demo/src/lib/chart-colors.ts
apps/demo lint:   49:58  warning  Unexpected any. Specify a different type  @typescript-eslint/no-explicit-any
apps/demo lint: /Users/Mladen.Tsvetkov/projects/ui-kit/uikit/apps/demo/src/lib/chat/chat-service.tsx
apps/demo lint:   179:9  warning  The 'sendMessage' function makes the dependencies of useMemo Hook (at line 390) change on every render. Move it inside the useMemo callback. Alternatively, wrap the definition of 'sendMessage' in its own useCallback() Hook            react-hooks/exhaustive-deps
apps/demo lint:   319:9  warning  The 'getMessages' function makes the dependencies of useMemo Hook (at line 390) change on every render. Move it inside the useMemo callback. Alternatively, wrap the definition of 'getMessages' in its own useCallback() Hook            react-hooks/exhaustive-deps
apps/demo lint:   323:9  warning  The 'clearMessages' function makes the dependencies of useMemo Hook (at line 390) change on every render. Move it inside the useMemo callback. Alternatively, wrap the definition of 'clearMessages' in its own useCallback() Hook        react-hooks/exhaustive-deps
apps/demo lint:   327:9  warning  The 'setBotMode' function makes the dependencies of useMemo Hook (at line 390) change on every render. Move it inside the useMemo callback. Alternatively, wrap the definition of 'setBotMode' in its own useCallback() Hook              react-hooks/exhaustive-deps
apps/demo lint:   331:9  warning  The 'getBotMode' function makes the dependencies of useMemo Hook (at line 390) change on every render. Move it inside the useMemo callback. Alternatively, wrap the definition of 'getBotMode' in its own useCallback() Hook              react-hooks/exhaustive-deps
apps/demo lint:   335:9  warning  The 'getAvailableBots' function makes the dependencies of useMemo Hook (at line 390) change on every render. Move it inside the useMemo callback. Alternatively, wrap the definition of 'getAvailableBots' in its own useCallback() Hook  react-hooks/exhaustive-deps
apps/demo lint:   339:9  warning  The 'saveSession' function makes the dependencies of useMemo Hook (at line 390) change on every render. Move it inside the useMemo callback. Alternatively, wrap the definition of 'saveSession' in its own useCallback() Hook            react-hooks/exhaustive-deps
apps/demo lint:   343:9  warning  The 'loadSession' function makes the dependencies of useMemo Hook (at line 390) change on every render. Move it inside the useMemo callback. Alternatively, wrap the definition of 'loadSession' in its own useCallback() Hook            react-hooks/exhaustive-deps
apps/demo lint:   352:9  warning  The 'clearSession' function makes the dependencies of useMemo Hook (at line 390) change on every render. Move it inside the useMemo callback. Alternatively, wrap the definition of 'clearSession' in its own useCallback() Hook          react-hooks/exhaustive-deps
apps/demo lint:   358:9  warning  The 'subscribe' function makes the dependencies of useMemo Hook (at line 390) change on every render. Move it inside the useMemo callback. Alternatively, wrap the definition of 'subscribe' in its own useCallback() Hook                react-hooks/exhaustive-deps
apps/demo lint:   371:9  warning  The 'getState' function makes the dependencies of useMemo Hook (at line 390) change on every render. Move it inside the useMemo callback. Alternatively, wrap the definition of 'getState' in its own useCallback() Hook                  react-hooks/exhaustive-deps
apps/demo lint: /Users/Mladen.Tsvetkov/projects/ui-kit/uikit/apps/demo/src/lib/playground/themeConfig.ts
apps/demo lint:   151:32  warning  Unexpected any. Specify a different type  @typescript-eslint/no-explicit-any
apps/demo lint: /Users/Mladen.Tsvetkov/projects/ui-kit/uikit/apps/demo/src/store/playground/playgroundStore.ts
apps/demo lint:   115:36  warning  Unexpected any. Specify a different type  @typescript-eslint/no-explicit-any
apps/demo lint:   115:49  warning  Unexpected any. Specify a different type  @typescript-eslint/no-explicit-any
apps/demo lint:   115:55  warning  Unexpected any. Specify a different type  @typescript-eslint/no-explicit-any
apps/demo lint: ✖ 90 problems (0 errors, 90 warnings)
apps/demo lint: Done
packages/tokens-pd lint$ echo "no lint (generated artifacts; source is @acronis-platform/design-tokens)" && exit 0
packages/tokens-pd lint: no lint (generated artifacts; source is @acronis-platform/design-tokens)
packages/tokens-pd lint: Done
packages/ui-react lint$ eslint src/
packages/ui-react lint: Done
apps/docs lint$ eslint .
apps/docs lint: /Users/Mladen.Tsvetkov/projects/ui-kit/uikit/apps/docs/src/lib/source.ts
apps/docs lint:   7:7  warning  Unexpected any. Specify a different type  @typescript-eslint/no-explicit-any
apps/docs lint: /Users/Mladen.Tsvetkov/projects/ui-kit/uikit/apps/docs/src/types/source.d.ts
apps/docs lint:   3:25  warning  Unexpected any. Specify a different type  @typescript-eslint/no-explicit-any
apps/docs lint: ✖ 2 problems (0 errors, 2 warnings)
apps/docs lint: Done
