
> @acronis-platform/ui-react@0.54.0 storybook /Users/Mladen.Tsvetkov/projects/ui-kit/uikit/packages/ui-react
> storybook dev -p 6007


┌  storybook v10.4.1
│
●  Starting...
│  Vite Re-optimizing dependencies because lockfile has changed
│ [38;2;255;71;133m╭[39m[38;2;255;71;133m─[39m[38;2;255;71;133m─[39m[38;2;255;71;133m─[39m[38;2;255;71;133m─[39m[38;2;255;71;133m─[39m[38;2;255;71;133m─[39m[38;2;255;71;133m─[39m[38;2;255;71;133m─[39m[38;2;255;71;133m─[39m[38;2;255;71;133m─[39m[38;2;255;71;133m─[39m[38;2;255;71;133m─[39m[38;2;255;71;133m─[39m[38;2;255;71;133m─[39m[38;2;255;71;133m─[39m[38;2;255;71;133m─[39m[38;2;255;71;133m─[39m[38;2;255;71;133m─[39m[38;2;255;71;133m─[39m[38;2;255;71;133m─[39m[38;2;255;71;133m─[39m[38;2;255;71;133m─[39m[38;2;255;71;133m─[39m[38;2;255;71;133m─[39m[38;2;255;71;133m─[39m[38;2;255;71;133m─[39m[38;2;255;71;133m─[39m[38;2;255;71;133m─[39m[38;2;255;71;133m─[39m[38;2;255;71;133m─[39m[38;2;255;71;133m─[39m[38;2;255;71;133m─[39m[38;2;255;71;133m─[39m[38;2;255;71;133m─[39m[38;2;255;71;133m─[39m[38;2;255;71;133m─[39m[38;2;255;71;133m─[39m[38;2;255;71;133m─[39m[38;2;255;71;133m─[39m[38;2;255;71;133m─[39m[38;2;255;71;133m─[39m[38;2;255;71;133m─[39m[38;2;255;71;133m─[39m[38;2;255;71;133m─[39m[38;2;255;71;133m─[39m[38;2;255;71;133m─[39m[38;2;255;71;133m─[39m[38;2;255;71;133m─[39m[38;2;255;71;133m─[39m[38;2;255;71;133m─[39m[38;2;255;71;133m─[39m[38;2;255;71;133m─[39m[38;2;255;71;133m─[39m[38;2;255;71;133m─[39m[38;2;255;71;133m─[39m[38;2;255;71;133m─[39m[38;2;255;71;133m─[39m[38;2;255;71;133m─[39m[38;2;255;71;133m─[39m[38;2;255;71;133m─[39m[38;2;255;71;133m─[39m[38;2;255;71;133m─[39m[38;2;255;71;133m─[39m[38;2;255;71;133m─[39m[38;2;255;71;133m─[39m[38;2;255;71;133m─[39m[38;2;255;71;133m─[39m[38;2;255;71;133m─[39m[38;2;255;71;133m─[39m[38;2;255;71;133m─[39m[38;2;255;71;133m─[39m[38;2;255;71;133m─[39m[38;2;255;71;133m─[39m[38;2;255;71;133m─[39m[38;2;255;71;133m─[39m[38;2;255;71;133m─[39m[38;2;255;71;133m╮[39m
│ [38;2;255;71;133m│[39m   Storybook ready!                                                         [38;2;255;71;133m│[39m
│ [38;2;255;71;133m│[39m                                                                            [38;2;255;71;133m│[39m
│ [38;2;255;71;133m│[39m   - Local:                http://localhost:6007/                           [38;2;255;71;133m│[39m
│ [38;2;255;71;133m│[39m   - On your network:      http://192.168.0.134:6007/                       [38;2;255;71;133m│[39m
│ [38;2;255;71;133m│[39m                                                                            [38;2;255;71;133m│[39m
│ [38;2;255;71;133m│[39m                                                                            [38;2;255;71;133m│[39m
│ [38;2;255;71;133m│[39m   [38;2;243;173;56mA new version (10.4.6) is available![39m                                     [38;2;255;71;133m│[39m
│ [38;2;255;71;133m│[39m                                                                            [38;2;255;71;133m│[39m
│ [38;2;255;71;133m│[39m   Upgrade now: [38;2;162;224;94mnpx storybook@latest upgrade[39m                                [38;2;255;71;133m│[39m
│ [38;2;255;71;133m│[39m                                                                            [38;2;255;71;133m│[39m
│ [38;2;255;71;133m│[39m   Read full changelog:                                                     [38;2;255;71;133m│[39m
│ [38;2;255;71;133m│[39m   https://github.com/storybookjs/storybook/blob/main/CHANGELOG.md          [38;2;255;71;133m│[39m
│ [38;2;255;71;133m╰[39m[38;2;255;71;133m─[39m[38;2;255;71;133m─[39m[38;2;255;71;133m─[39m[38;2;255;71;133m─[39m[38;2;255;71;133m─[39m[38;2;255;71;133m─[39m[38;2;255;71;133m─[39m[38;2;255;71;133m─[39m[38;2;255;71;133m─[39m[38;2;255;71;133m─[39m[38;2;255;71;133m─[39m[38;2;255;71;133m─[39m[38;2;255;71;133m─[39m[38;2;255;71;133m─[39m[38;2;255;71;133m─[39m[38;2;255;71;133m─[39m[38;2;255;71;133m─[39m[38;2;255;71;133m─[39m[38;2;255;71;133m─[39m[38;2;255;71;133m─[39m[38;2;255;71;133m─[39m[38;2;255;71;133m─[39m[38;2;255;71;133m─[39m[38;2;255;71;133m─[39m[38;2;255;71;133m─[39m[38;2;255;71;133m─[39m[38;2;255;71;133m─[39m[38;2;255;71;133m─[39m[38;2;255;71;133m─[39m[38;2;255;71;133m─[39m[38;2;255;71;133m─[39m[38;2;255;71;133m─[39m[38;2;255;71;133m─[39m[38;2;255;71;133m─[39m[38;2;255;71;133m─[39m[38;2;255;71;133m─[39m[38;2;255;71;133m─[39m[38;2;255;71;133m─[39m[38;2;255;71;133m─[39m[38;2;255;71;133m─[39m[38;2;255;71;133m─[39m[38;2;255;71;133m─[39m[38;2;255;71;133m─[39m[38;2;255;71;133m─[39m[38;2;255;71;133m─[39m[38;2;255;71;133m─[39m[38;2;255;71;133m─[39m[38;2;255;71;133m─[39m[38;2;255;71;133m─[39m[38;2;255;71;133m─[39m[38;2;255;71;133m─[39m[38;2;255;71;133m─[39m[38;2;255;71;133m─[39m[38;2;255;71;133m─[39m[38;2;255;71;133m─[39m[38;2;255;71;133m─[39m[38;2;255;71;133m─[39m[38;2;255;71;133m─[39m[38;2;255;71;133m─[39m[38;2;255;71;133m─[39m[38;2;255;71;133m─[39m[38;2;255;71;133m─[39m[38;2;255;71;133m─[39m[38;2;255;71;133m─[39m[38;2;255;71;133m─[39m[38;2;255;71;133m─[39m[38;2;255;71;133m─[39m[38;2;255;71;133m─[39m[38;2;255;71;133m─[39m[38;2;255;71;133m─[39m[38;2;255;71;133m─[39m[38;2;255;71;133m─[39m[38;2;255;71;133m─[39m[38;2;255;71;133m─[39m[38;2;255;71;133m─[39m[38;2;255;71;133m─[39m[38;2;255;71;133m╯[39m
│
●  285 ms for manager and 133 ms for preview
│  Vite ✨ new dependencies optimized: react/jsx-dev-runtime
│  Vite ✨ optimized dependencies changed. reloading
